Archive member included to satisfy reference by file (symbol)

/usr/lib/gcc/arm-none-eabi/13.2.1/thumb/v6-m/nofp/libgcc.a(_udivsi3.o)
                              CMakeFiles/mic_led_meter.dir/Src/board.c.obj (__aeabi_uidiv)
/usr/lib/gcc/arm-none-eabi/13.2.1/thumb/v6-m/nofp/libgcc.a(_dvmd_tls.o)
                              /usr/lib/gcc/arm-none-eabi/13.2.1/thumb/v6-m/nofp/libgcc.a(_udivsi3.o) (__aeabi_idiv0)
/usr/lib/gcc/arm-none-eabi/13.2.1/../../../arm-none-eabi/lib/thumb/v6-m/nofp/libg_nano.a(libc_a-init.o)
                              CMakeFiles/mic_led_meter.dir/startup_stm32f072xb.s.obj (__libc_init_array)

Discarded input sections

 .group         0x00000000        0xc CMakeFiles/mic_led_meter.dir/Src/main.c.obj
 .group         0x00000000        0xc CMakeFiles/mic_led_meter.dir/Src/main.c.obj
 .group         0x00000000        0xc CMakeFiles/mic_led_meter.dir/Src/main.c.obj
 .group         0x00000000        0xc CMakeFiles/mic_led_meter.dir/Src/main.c.obj
 .group         0x00000000        0xc CMakeFiles/mic_led_meter.dir/Src/main.c.obj
 .group         0x00000000        0xc CMakeFiles/mic_led_meter.dir/Src/main.c.obj
 .group         0x00000000        0xc CMakeFiles/mic_led_meter.dir/Src/main.c.obj
 .group         0x00000000        0xc CMakeFiles/mic_led_meter.dir/Src/main.c.obj
 .group         0x00000000        0xc CMakeFiles/mic_led_meter.dir/Src/main.c.obj
 .group         0x00000000        0xc CMakeFiles/mic_led_meter.dir/Src/main.c.obj
 .group         0x00000000        0xc CMakeFiles/mic_led_meter.dir/Src/main.c.obj
 .text          0x00000000        0x0 CMakeFiles/mic_led_meter.dir/Src/main.c.obj
 .data          0x00000000        0x0 CMakeFiles/mic_led_meter.dir/Src/main.c.obj
 .bss           0x00000000        0x0 CMakeFiles/mic_led_meter.dir/Src/main.c.obj
 .group         0x00000000        0xc CMakeFiles/mic_led_meter.dir/Src/board.c.obj
 .group         0x00000000        0xc CMakeFiles/mic_led_meter.dir/Src/board.c.obj
 .group         0x00000000        0xc CMakeFiles/mic_led_meter.dir/Src/board.c.obj
 .group         0x00000000        0xc CMakeFiles/mic_led_meter.dir/Src/board.c.obj
 .group         0x00000000        0xc CMakeFiles/mic_led_meter.dir/Src/board.c.obj
 .group         0x00000000        0xc CMakeFiles/mic_led_meter.dir/Src/board.c.obj
 .group         0x00000000        0xc CMakeFiles/mic_led_meter.dir/Src/board.c.obj
 .group         0x00000000        0xc CMakeFiles/mic_led_meter.dir/Src/board.c.obj
 .group         0x00000000        0xc CMakeFiles/mic_led_meter.dir/Src/board.c.obj
 .group         0x00000000        0xc CMakeFiles/mic_led_meter.dir/Src/board.c.obj
 .text          0x00000000        0x0 CMakeFiles/mic_led_meter.dir/Src/board.c.obj
 .data          0x00000000        0x0 CMakeFiles/mic_led_meter.dir/Src/board.c.obj
 .bss           0x00000000        0x0 CMakeFiles/mic_led_meter.dir/Src/board.c.obj
 .debug_macro   0x00000000      0xaa2 CMakeFiles/mic_led_meter.dir/Src/board.c.obj
 .debug_macro   0x00000000      0x34e CMakeFiles/mic_led_meter.dir/Src/board.c.obj
 .debug_macro   0x00000000       0x2e CMakeFiles/mic_led_meter.dir/Src/board.c.obj
 .debug_macro   0x00000000       0x22 CMakeFiles/mic_led_meter.dir/Src/board.c.obj
 .debug_macro   0x00000000       0x1c CMakeFiles/mic_led_meter.dir/Src/board.c.obj
 .debug_macro   0x00000000       0x22 CMakeFiles/mic_led_meter.dir/Src/board.c.obj
 .debug_macro   0x00000000       0xaf CMakeFiles/mic_led_meter.dir/Src/board.c.obj
 .debug_macro   0x00000000      0x391 CMakeFiles/mic_led_meter.dir/Src/board.c.obj
 .debug_macro   0x00000000     0xfe73 CMakeFiles/mic_led_meter.dir/Src/board.c.obj
 .debug_macro   0x00000000       0x66 CMakeFiles/mic_led_meter.dir/Src/board.c.obj
 .group         0x00000000        0xc CMakeFiles/mic_led_meter.dir/Src/adc_mic.c.obj
 .group         0x00000000        0xc CMakeFiles/mic_led_meter.dir/Src/adc_mic.c.obj
 .group         0x00000000        0xc CMakeFiles/mic_led_meter.dir/Src/adc_mic.c.obj
 .group         0x00000000        0xc CMakeFiles/mic_led_meter.dir/Src/adc_mic.c.obj
 .group         0x00000000        0xc CMakeFiles/mic_led_meter.dir/Src/adc_mic.c.obj
 .group         0x00000000        0xc CMakeFiles/mic_led_meter.dir/Src/adc_mic.c.obj
 .group         0x00000000        0xc CMakeFiles/mic_led_meter.dir/Src/adc_mic.c.obj
 .group         0x00000000        0xc CMakeFiles/mic_led_meter.dir/Src/adc_mic.c.obj
 .group         0x00000000        0xc CMakeFiles/mic_led_meter.dir/Src/adc_mic.c.obj
 .group         0x00000000        0xc CMakeFiles/mic_led_meter.dir/Src/adc_mic.c.obj
 .group         0x00000000        0xc CMakeFiles/mic_led_meter.dir/Src/adc_mic.c.obj
 .text          0x00000000        0x0 CMakeFiles/mic_led_meter.dir/Src/adc_mic.c.obj
 .data          0x00000000        0x0 CMakeFiles/mic_led_meter.dir/Src/adc_mic.c.obj
 .bss           0x00000000        0x0 CMakeFiles/mic_led_meter.dir/Src/adc_mic.c.obj
 .debug_macro   0x00000000      0xaa2 CMakeFiles/mic_led_meter.dir/Src/adc_mic.c.obj
 .debug_macro   0x00000000      0x34e CMakeFiles/mic_led_meter.dir/Src/adc_mic.c.obj
 .debug_macro   0x00000000       0x2e CMakeFiles/mic_led_meter.dir/Src/adc_mic.c.obj
 .debug_macro   0x00000000       0x22 CMakeFiles/mic_led_meter.dir/Src/adc_mic.c.obj
 .debug_macro   0x00000000       0x1c CMakeFiles/mic_led_meter.dir/Src/adc_mic.c.obj
 .debug_macro   0x00000000       0x22 CMakeFiles/mic_led_meter.dir/Src/adc_mic.c.obj
 .debug_macro   0x00000000       0xaf CMakeFiles/mic_led_meter.dir/Src/adc_mic.c.obj
 .debug_macro   0x00000000      0x391 CMakeFiles/mic_led_meter.dir/Src/adc_mic.c.obj
 .debug_macro   0x00000000     0xfe73 CMakeFiles/mic_led_meter.dir/Src/adc_mic.c.obj
 .debug_macro   0x00000000       0x66 CMakeFiles/mic_led_meter.dir/Src/adc_mic.c.obj
 .debug_macro   0x00000000       0x58 CMakeFiles/mic_led_meter.dir/Src/adc_mic.c.obj
 .group         0x00000000        0xc CMakeFiles/mic_led_meter.dir/Src/stm32f0xx_it.c.obj
 .group         0x00000000        0xc CMakeFiles/mic_led_meter.dir/Src/stm32f0xx_it.c.obj
 .text          0x00000000        0x0 CMakeFiles/mic_led_meter.dir/Src/stm32f0xx_it.c.obj
 .data          0x00000000        0x0 CMakeFiles/mic_led_meter.dir/Src/stm32f0xx_it.c.obj
 .bss           0x00000000        0x0 CMakeFiles/mic_led_meter.dir/Src/stm32f0xx_it.c.obj
 .debug_macro   0x00000000      0xaa2 CMakeFiles/mic_led_meter.dir/Src/stm32f0xx_it.c.obj
 .debug_macro   0x00000000      0x34e CMakeFiles/mic_led_meter.dir/Src/stm32f0xx_it.c.obj
 .group         0x00000000        0xc CMakeFiles/mic_led_meter.dir/Src/runtime_stubs.c.obj
 .group         0x00000000        0xc CMakeFiles/mic_led_meter.dir/Src/runtime_stubs.c.obj
 .group         0x00000000        0xc CMakeFiles/mic_led_meter.dir/Src/runtime_stubs.c.obj
 .group         0x00000000        0xc CMakeFiles/mic_led_meter.dir/Src/runtime_stubs.c.obj
 .group         0x00000000        0xc CMakeFiles/mic_led_meter.dir/Src/runtime_stubs.c.obj
 .group         0x00000000        0xc CMakeFiles/mic_led_meter.dir/Src/runtime_stubs.c.obj
 .group         0x00000000        0xc CMakeFiles/mic_led_meter.dir/Src/runtime_stubs.c.obj
 .group         0x00000000        0xc CMakeFiles/mic_led_meter.dir/Src/runtime_stubs.c.obj
 .group         0x00000000        0xc CMakeFiles/mic_led_meter.dir/Src/runtime_stubs.c.obj
 .group         0x00000000        0xc CMakeFiles/mic_led_meter.dir/Src/runtime_stubs.c.obj
 .group         0x00000000        0xc CMakeFiles/mic_led_meter.dir/Src/runtime_stubs.c.obj
 .group         0x00000000        0xc CMakeFiles/mic_led_meter.dir/Src/runtime_stubs.c.obj
 .group         0x00000000        0xc CMakeFiles/mic_led_meter.dir/Src/runtime_stubs.c.obj
 .group         0x00000000        0xc CMakeFiles/mic_led_meter.dir/Src/runtime_stubs.c.obj
 .group         0x00000000        0xc CMakeFiles/mic_led_meter.dir/Src/runtime_stubs.c.obj
 .group         0x00000000        0xc CMakeFiles/mic_led_meter.dir/Src/runtime_stubs.c.obj
 .group         0x00000000        0xc CMakeFiles/mic_led_meter.dir/Src/runtime_stubs.c.obj
 .group         0x00000000        0xc CMakeFiles/mic_led_meter.dir/Src/runtime_stubs.c.obj
 .group         0x00000000        0xc CMakeFiles/mic_led_meter.dir/Src/runtime_stubs.c.obj
 .group         0x00000000        0xc CMakeFiles/mic_led_meter.dir/Src/runtime_stubs.c.obj
 .group         0x00000000        0xc CMakeFiles/mic_led_meter.dir/Src/runtime_stubs.c.obj
 .group         0x00000000        0xc CMakeFiles/mic_led_meter.dir/Src/runtime_stubs.c.obj
 .group         0x00000000        0xc CMakeFiles/mic_led_meter.dir/Src/runtime_stubs.c.obj
 .group         0x00000000        0xc CMakeFiles/mic_led_meter.dir/Src/runtime_stubs.c.obj
 .group         0x00000000        0xc CMakeFiles/mic_led_meter.dir/Src/runtime_stubs.c.obj
 .group         0x00000000        0xc CMakeFiles/mic_led_meter.dir/Src/runtime_stubs.c.obj
 .group         0x00000000        0xc CMakeFiles/mic_led_meter.dir/Src/runtime_stubs.c.obj
 .group         0x00000000        0xc CMakeFiles/mic_led_meter.dir/Src/runtime_stubs.c.obj
 .group         0x00000000        0xc CMakeFiles/mic_led_meter.dir/Src/runtime_stubs.c.obj
 .group         0x00000000        0xc CMakeFiles/mic_led_meter.dir/Src/runtime_stubs.c.obj
 .group         0x00000000        0xc CMakeFiles/mic_led_meter.dir/Src/runtime_stubs.c.obj
 .group         0x00000000        0xc CMakeFiles/mic_led_meter.dir/Src/runtime_stubs.c.obj
 .group         0x00000000        0xc CMakeFiles/mic_led_meter.dir/Src/runtime_stubs.c.obj
 .text          0x00000000        0x0 CMakeFiles/mic_led_meter.dir/Src/runtime_stubs.c.obj
 .data          0x00000000        0x0 CMakeFiles/mic_led_meter.dir/Src/runtime_stubs.c.obj
 .bss           0x00000000        0x0 CMakeFiles/mic_led_meter.dir/Src/runtime_stubs.c.obj
 .text._close   0x00000000        0x6 CMakeFiles/mic_led_meter.dir/Src/runtime_stubs.c.obj
 .text._fstat   0x00000000        0xe CMakeFiles/mic_led_meter.dir/Src/runtime_stubs.c.obj
 .text._isatty  0x00000000        0x4 CMakeFiles/mic_led_meter.dir/Src/runtime_stubs.c.obj
 .text._lseek   0x00000000        0x4 CMakeFiles/mic_led_meter.dir/Src/runtime_stubs.c.obj
 .text._read    0x00000000        0x4 CMakeFiles/mic_led_meter.dir/Src/runtime_stubs.c.obj
 .text._sbrk    0x00000000       0x38 CMakeFiles/mic_led_meter.dir/Src/runtime_stubs.c.obj
 .text._write   0x00000000        0x4 CMakeFiles/mic_led_meter.dir/Src/runtime_stubs.c.obj
 .text._exit    0x00000000        0x2 CMakeFiles/mic_led_meter.dir/Src/runtime_stubs.c.obj
 .text._getpid  0x00000000        0x4 CMakeFiles/mic_led_meter.dir/Src/runtime_stubs.c.obj
 .text._kill    0x00000000        0x6 CMakeFiles/mic_led_meter.dir/Src/runtime_stubs.c.obj
 .bss.heap_end.0
                0x00000000        0x4 CMakeFiles/mic_led_meter.dir/Src/runtime_stubs.c.obj
 .debug_macro   0x00000000      0xaa2 CMakeFiles/mic_led_meter.dir/Src/runtime_stubs.c.obj
 .debug_macro   0x00000000      0x34e CMakeFiles/mic_led_meter.dir/Src/runtime_stubs.c.obj
 .group         0x00000000        0xc CMakeFiles/mic_led_meter.dir/system_stm32f0xx.c.obj
 .group         0x00000000        0xc CMakeFiles/mic_led_meter.dir/system_stm32f0xx.c.obj
 .group         0x00000000        0xc CMakeFiles/mic_led_meter.dir/system_stm32f0xx.c.obj
 .group         0x00000000        0xc CMakeFiles/mic_led_meter.dir/system_stm32f0xx.c.obj
 .group         0x00000000        0xc CMakeFiles/mic_led_meter.dir/system_stm32f0xx.c.obj
 .group         0x00000000        0xc CMakeFiles/mic_led_meter.dir/system_stm32f0xx.c.obj
 .group         0x00000000        0xc CMakeFiles/mic_led_meter.dir/system_stm32f0xx.c.obj
 .group         0x00000000        0xc CMakeFiles/mic_led_meter.dir/system_stm32f0xx.c.obj
 .group         0x00000000        0xc CMakeFiles/mic_led_meter.dir/system_stm32f0xx.c.obj
 .group         0x00000000        0xc CMakeFiles/mic_led_meter.dir/system_stm32f0xx.c.obj
 .text          0x00000000        0x0 CMakeFiles/mic_led_meter.dir/system_stm32f0xx.c.obj
 .data          0x00000000        0x0 CMakeFiles/mic_led_meter.dir/system_stm32f0xx.c.obj
 .bss           0x00000000        0x0 CMakeFiles/mic_led_meter.dir/system_stm32f0xx.c.obj
 .rodata.APBPrescTable
                0x00000000        0x8 CMakeFiles/mic_led_meter.dir/system_stm32f0xx.c.obj
 .debug_macro   0x00000000      0xaa2 CMakeFiles/mic_led_meter.dir/system_stm32f0xx.c.obj
 .debug_macro   0x00000000       0x2e CMakeFiles/mic_led_meter.dir/system_stm32f0xx.c.obj
 .debug_macro   0x00000000       0x22 CMakeFiles/mic_led_meter.dir/system_stm32f0xx.c.obj
 .debug_macro   0x00000000      0x34e CMakeFiles/mic_led_meter.dir/system_stm32f0xx.c.obj
 .debug_macro   0x00000000       0x1c CMakeFiles/mic_led_meter.dir/system_stm32f0xx.c.obj
 .debug_macro   0x00000000       0x22 CMakeFiles/mic_led_meter.dir/system_stm32f0xx.c.obj
 .debug_macro   0x00000000       0xaf CMakeFiles/mic_led_meter.dir/system_stm32f0xx.c.obj
 .debug_macro   0x00000000      0x391 CMakeFiles/mic_led_meter.dir/system_stm32f0xx.c.obj
 .debug_macro   0x00000000     0xfe73 CMakeFiles/mic_led_meter.dir/system_stm32f0xx.c.obj
 .debug_macro   0x00000000       0x66 CMakeFiles/mic_led_meter.dir/system_stm32f0xx.c.obj
 .text          0x00000000       0x14 CMakeFiles/mic_led_meter.dir/startup_stm32f072xb.s.obj
 .data          0x00000000        0x0 CMakeFiles/mic_led_meter.dir/startup_stm32f072xb.s.obj
 .bss           0x00000000        0x0 CMakeFiles/mic_led_meter.dir/startup_stm32f072xb.s.obj
 .data          0x00000000        0x0 /usr/lib/gcc/arm-none-eabi/13.2.1/thumb/v6-m/nofp/libgcc.a(_udivsi3.o)
 .bss           0x00000000        0x0 /usr/lib/gcc/arm-none-eabi/13.2.1/thumb/v6-m/nofp/libgcc.a(_udivsi3.o)
 .data          0x00000000        0x0 /usr/lib/gcc/arm-none-eabi/13.2.1/thumb/v6-m/nofp/libgcc.a(_dvmd_tls.o)
 .bss           0x00000000        0x0 /usr/lib/gcc/arm-none-eabi/13.2.1/thumb/v6-m/nofp/libgcc.a(_dvmd_tls.o)
 .data          0x00000000        0x0 /usr/lib/gcc/arm-none-eabi/13.2.1/../../../arm-none-eabi/lib/thumb/v6-m/nofp/libg_nano.a(libc_a-init.o)
 .bss           0x00000000        0x0 /usr/lib/gcc/arm-none-eabi/13.2.1/../../../arm-none-eabi/lib/thumb/v6-m/nofp/libg_nano.a(libc_a-init.o)

Memory Configuration

Name             Origin             Length             Attributes
RAM              0x20000000         0x00004000         xrw
FLASH            0x08000000         0x00020000         xr
*default*        0x00000000         0xffffffff

Linker script and memory map

LOAD CMakeFiles/mic_led_meter.dir/Src/main.c.obj
LOAD CMakeFiles/mic_led_meter.dir/Src/board.c.obj
LOAD CMakeFiles/mic_led_meter.dir/Src/adc_mic.c.obj
LOAD CMakeFiles/mic_led_meter.dir/Src/stm32f0xx_it.c.obj
LOAD CMakeFiles/mic_led_meter.dir/Src/runtime_stubs.c.obj
LOAD CMakeFiles/mic_led_meter.dir/system_stm32f0xx.c.obj
LOAD CMakeFiles/mic_led_meter.dir/startup_stm32f072xb.s.obj
LOAD /usr/lib/gcc/arm-none-eabi/13.2.1/../../../arm-none-eabi/lib/thumb/v6-m/nofp/libm.a
START GROUP
LOAD /usr/lib/gcc/arm-none-eabi/13.2.1/thumb/v6-m/nofp/libgcc.a
LOAD /usr/lib/gcc/arm-none-eabi/13.2.1/../../../arm-none-eabi/lib/thumb/v6-m/nofp/libg_nano.a
LOAD /usr/lib/gcc/arm-none-eabi/13.2.1/../../../arm-none-eabi/lib/thumb/v6-m/nofp/libc_nano.a
END GROUP
START GROUP
LOAD /usr/lib/gcc/arm-none-eabi/13.2.1/thumb/v6-m/nofp/libgcc.a
LOAD /usr/lib/gcc/arm-none-eabi/13.2.1/../../../arm-none-eabi/lib/thumb/v6-m/nofp/libc_nano.a
LOAD /usr/lib/gcc/arm-none-eabi/13.2.1/../../../arm-none-eabi/lib/thumb/v6-m/nofp/libnosys.a
END GROUP
START GROUP
LOAD /usr/lib/gcc/arm-none-eabi/13.2.1/thumb/v6-m/nofp/libgcc.a
LOAD /usr/lib/gcc/arm-none-eabi/13.2.1/../../../arm-none-eabi/lib/thumb/v6-m/nofp/libc_nano.a
LOAD /usr/lib/gcc/arm-none-eabi/13.2.1/../../../arm-none-eabi/lib/thumb/v6-m/nofp/libnosys.a
END GROUP
                0x20004000                        _estack = (ORIGIN (RAM) + LENGTH (RAM))
                0x00000200                        _Min_Heap_Size = 0x200
                0x00000400                        _Min_Stack_Size = 0x400

.isr_vector     0x08000000       0xc0
                0x08000000                        . = ALIGN (0x4)
 *(.isr_vector)
 .isr_vector    0x08000000       0xc0 CMakeFiles/mic_led_meter.dir/startup_stm32f072xb.s.obj
                0x08000000                g_pfnVectors
                0x080000c0                        . = ALIGN (0x4)

.text           0x080000c0      0x504
                0x080000c0                        . = ALIGN (0x4)
 *(.text)
 .text          0x080000c0      0x114 /usr/lib/gcc/arm-none-eabi/13.2.1/thumb/v6-m/nofp/libgcc.a(_udivsi3.o)
                0x080000c0                __udivsi3
                0x080000c0                __aeabi_uidiv
                0x080001cc                __aeabi_uidivmod
 .text          0x080001d4        0x4 /usr/lib/gcc/arm-none-eabi/13.2.1/thumb/v6-m/nofp/libgcc.a(_dvmd_tls.o)
                0x080001d4                __aeabi_ldiv0
                0x080001d4                __aeabi_idiv0
 .text          0x080001d8       0x48 /usr/lib/gcc/arm-none-eabi/13.2.1/../../../arm-none-eabi/lib/thumb/v6-m/nofp/libg_nano.a(libc_a-init.o)
                0x080001d8                __libc_init_array
 *(.text*)
 .text.apply_noise_floor
                0x08000220        0xe CMakeFiles/mic_led_meter.dir/Src/main.c.obj
 .text.level_to_led_count
                0x0800022e       0x30 CMakeFiles/mic_led_meter.dir/Src/main.c.obj
 *fill*         0x0800025e        0x2 
 .text.main     0x08000260       0x58 CMakeFiles/mic_led_meter.dir/Src/main.c.obj
                0x08000260                main
 .text.SysTick_Config
                0x080002b8       0x38 CMakeFiles/mic_led_meter.dir/Src/board.c.obj
 .text.leds_init
                0x080002f0       0x4c CMakeFiles/mic_led_meter.dir/Src/board.c.obj
 .text.board_delay_ms
                0x0800033c       0x18 CMakeFiles/mic_led_meter.dir/Src/board.c.obj
                0x0800033c                board_delay_ms
 .text.board_led_bar_set
                0x08000354       0x40 CMakeFiles/mic_led_meter.dir/Src/board.c.obj
                0x08000354                board_led_bar_set
 .text.board_init
                0x08000394       0x28 CMakeFiles/mic_led_meter.dir/Src/board.c.obj
                0x08000394                board_init
 .text.board_systick_handler
                0x080003bc       0x10 CMakeFiles/mic_led_meter.dir/Src/board.c.obj
                0x080003bc                board_systick_handler
 .text.adc_read_blocking
                0x080003cc       0x24 CMakeFiles/mic_led_meter.dir/Src/adc_mic.c.obj
 .text.mic_init
                0x080003f0       0x94 CMakeFiles/mic_led_meter.dir/Src/adc_mic.c.obj
                0x080003f0                mic_init
 .text.mic_measure_peak_to_peak
                0x08000484       0x30 CMakeFiles/mic_led_meter.dir/Src/adc_mic.c.obj
                0x08000484                mic_measure_peak_to_peak
 .text.SysTick_Handler
                0x080004b4        0x8 CMakeFiles/mic_led_meter.dir/Src/stm32f0xx_it.c.obj
                0x080004b4                SysTick_Handler
 .text._init    0x080004bc        0x2 CMakeFiles/mic_led_meter.dir/Src/runtime_stubs.c.obj
                0x080004bc                _init
 .text._fini    0x080004be        0x2 CMakeFiles/mic_led_meter.dir/Src/runtime_stubs.c.obj
                0x080004be                _fini
 .text.SystemInit
                0x080004c0        0x2 CMakeFiles/mic_led_meter.dir/system_stm32f0xx.c.obj
                0x080004c0                SystemInit
 *fill*         0x080004c2        0x2 
 .text.SystemCoreClockUpdate
                0x080004c4       0xac CMakeFiles/mic_led_meter.dir/system_stm32f0xx.c.obj
                0x080004c4                SystemCoreClockUpdate
 .text.Reset_Handler
                0x08000570       0x50 CMakeFiles/mic_led_meter.dir/startup_stm32f072xb.s.obj
                0x08000570                Reset_Handler
 .text.Default_Handler
                0x080005c0        0x2 CMakeFiles/mic_led_meter.dir/startup_stm32f072xb.s.obj
                0x080005c0                TIM1_CC_IRQHandler
                0x080005c0                TSC_IRQHandler
                0x080005c0                HardFault_Handler
                0x080005c0                ADC1_COMP_IRQHandler
                0x080005c0                PendSV_Handler
                0x080005c0                NMI_Handler
                0x080005c0                I2C1_IRQHandler
                0x080005c0                RCC_CRS_IRQHandler
                0x080005c0                SPI1_IRQHandler
                0x080005c0                TIM6_DAC_IRQHandler
                0x080005c0                USART3_4_IRQHandler
                0x080005c0                EXTI2_3_IRQHandler
                0x080005c0                I2C2_IRQHandler
                0x080005c0                TIM17_IRQHandler
                0x080005c0                CEC_CAN_IRQHandler
                0x080005c0                RTC_IRQHandler
                0x080005c0                PVD_VDDIO2_IRQHandler
                0x080005c0                DMA1_Channel4_5_6_7_IRQHandler
                0x080005c0                TIM16_IRQHandler
                0x080005c0                TIM3_IRQHandler
                0x080005c0                EXTI4_15_IRQHandler
                0x080005c0                DMA1_Channel1_IRQHandler
                0x080005c0                Default_Handler
                0x080005c0                TIM14_IRQHandler
                0x080005c0                TIM7_IRQHandler
                0x080005c0                TIM15_IRQHandler
                0x080005c0                EXTI0_1_IRQHandler
                0x080005c0                USB_IRQHandler
                0x080005c0                SPI2_IRQHandler
                0x080005c0                SVC_Handler
                0x080005c0                WWDG_IRQHandler
                0x080005c0                TIM2_IRQHandler
                0x080005c0                DMA1_Channel2_3_IRQHandler
                0x080005c0                USART2_IRQHandler
                0x080005c0                FLASH_IRQHandler
                0x080005c0                USART1_IRQHandler
                0x080005c0                TIM1_BRK_UP_TRG_COM_IRQHandler
 *(.glue_7)
 .glue_7        0x080005c2        0x0 linker stubs
 *(.glue_7t)
 .glue_7t       0x080005c2        0x0 linker stubs
 *(.eh_frame)
 *(.init)
 *(.fini)
                0x080005c4                        . = ALIGN (0x4)
 *fill*         0x080005c2        0x2 
                0x080005c4                        _etext = .

.vfp11_veneer   0x080005c4        0x0
 .vfp11_veneer  0x080005c4        0x0 linker stubs

.v4_bx          0x080005c4        0x0
 .v4_bx         0x080005c4        0x0 linker stubs

.iplt           0x080005c4        0x0
 .iplt          0x080005c4        0x0 CMakeFiles/mic_led_meter.dir/Src/main.c.obj

.rodata         0x080005c4       0x10
                0x080005c4                        . = ALIGN (0x4)
 *(.rodata)
 *(.rodata*)
 .rodata.AHBPrescTable
                0x080005c4       0x10 CMakeFiles/mic_led_meter.dir/system_stm32f0xx.c.obj
                0x080005c4                AHBPrescTable
                0x080005d4                        . = ALIGN (0x4)

.rel.dyn        0x080005d4        0x0
 .rel.iplt      0x080005d4        0x0 CMakeFiles/mic_led_meter.dir/Src/main.c.obj

.ARM.extab      0x080005d4        0x0
                0x080005d4                        . = ALIGN (0x4)
 *(.ARM.extab* .gnu.linkonce.armextab.*)
                0x080005d4                        . = ALIGN (0x4)

.ARM            0x080005d4        0x0
                0x080005d4                        . = ALIGN (0x4)
                0x080005d4                        __exidx_start = .
 *(.ARM.exidx*)
                0x080005d4                        __exidx_end = .
                0x080005d4                        . = ALIGN (0x4)

.preinit_array  0x080005d4        0x0
                0x080005d4                        . = ALIGN (0x4)
                0x080005d4                        PROVIDE (__preinit_array_start = .)
 *(.preinit_array*)
                0x080005d4                        PROVIDE (__preinit_array_end = .)
                0x080005d4                        . = ALIGN (0x4)

.init_array     0x080005d4        0x0
                0x080005d4                        . = ALIGN (0x4)
                0x080005d4                        PROVIDE (__init_array_start = .)
 *(SORT_BY_NAME(.init_array.*))
 *(.init_array*)
                0x080005d4                        PROVIDE (__init_array_end = .)
                0x080005d4                        . = ALIGN (0x4)

.fini_array     0x080005d4        0x0
                0x080005d4                        . = ALIGN (0x4)
                [!provide]                        PROVIDE (__fini_array_start = .)
 *(SORT_BY_NAME(.fini_array.*))
 *(.fini_array*)
                [!provide]                        PROVIDE (__fini_array_end = .)
                0x080005d4                        . = ALIGN (0x4)
                0x080005d4                        _sidata = LOADADDR (.data)

.data           0x20000000        0x4 load address 0x080005d4
                0x20000000                        . = ALIGN (0x4)
                0x20000000                        _sdata = .
 *(.data)
 *(.data*)
 .data.SystemCoreClock
                0x20000000        0x4 CMakeFiles/mic_led_meter.dir/system_stm32f0xx.c.obj
                0x20000000                SystemCoreClock
 *(.RamFunc)
 *(.RamFunc*)
                0x20000004                        . = ALIGN (0x4)

.igot.plt       0x20000004        0x0 load address 0x080005d8
 .igot.plt      0x20000004        0x0 CMakeFiles/mic_led_meter.dir/Src/main.c.obj

.tdata          0x20000004        0x0 load address 0x080005d8
 *(.tdata .tdata.* .gnu.linkonce.td.*)
                0x20000004                        . = ALIGN (0x4)
                0x20000004                        _edata = .
                [!provide]                        PROVIDE (__data_end = .)
                [!provide]                        PROVIDE (__tdata_end = .)
                [!provide]                        PROVIDE (__tdata_start = ADDR (.tdata))
                [!provide]                        PROVIDE (__tdata_size = (__tdata_end - __tdata_start))
                [!provide]                        PROVIDE (__data_start = ADDR (.data))
                [!provide]                        PROVIDE (__data_size = (__data_end - __data_start))
                [!provide]                        PROVIDE (__tdata_source = LOADADDR (.tdata))
                [!provide]                        PROVIDE (__tdata_source_end = (LOADADDR (.tdata) + SIZEOF (.tdata)))
                [!provide]                        PROVIDE (__tdata_source_size = (__tdata_source_end - __tdata_source))
                [!provide]                        PROVIDE (__data_source = LOADADDR (.data))
                [!provide]                        PROVIDE (__data_source_end = __tdata_source_end)
                [!provide]                        PROVIDE (__data_source_size = (__data_source_end - __data_source))

.tbss           0x20000004        0x0 load address 0x080005d8
                0x20000004                        _sbss = .
                0x20000004                        __bss_start__ = _sbss
 *(.tbss .tbss.*)
                0x20000004                        . = ALIGN (0x4)
                [!provide]                        PROVIDE (__tbss_end = .)
                [!provide]                        PROVIDE (__tbss_start = ADDR (.tbss))
                [!provide]                        PROVIDE (__tbss_size = (__tbss_end - __tbss_start))
                [!provide]                        PROVIDE (__tbss_offset = (ADDR (.tbss) - ADDR (.tdata)))
                [!provide]                        PROVIDE (__tls_base = __tdata_start)
                [!provide]                        PROVIDE (__tls_end = __tbss_end)
                [!provide]                        PROVIDE (__tls_size = (__tls_end - __tls_base))
                [!provide]                        PROVIDE (__tls_align = MAX (ALIGNOF (.tdata), ALIGNOF (.tbss)))
                [!provide]                        PROVIDE (__tls_size_align = (((__tls_size + __tls_align) - 0x1) & ~ ((__tls_align - 0x1))))
                [!provide]                        PROVIDE (__arm32_tls_tcb_offset = MAX (0x8, __tls_align))
                [!provide]                        PROVIDE (__arm64_tls_tcb_offset = MAX (0x10, __tls_align))

.bss            0x20000004        0xc load address 0x080005d8
 *(.bss)
 *(.bss*)
 .bss.g_led_count
                0x20000004        0x1 CMakeFiles/mic_led_meter.dir/Src/main.c.obj
                0x20000004                g_led_count
 *fill*         0x20000005        0x1 
 .bss.g_mic_level_smoothed
                0x20000006        0x2 CMakeFiles/mic_led_meter.dir/Src/main.c.obj
                0x20000006                g_mic_level_smoothed
 .bss.g_mic_peak_to_peak_filtered
                0x20000008        0x2 CMakeFiles/mic_led_meter.dir/Src/main.c.obj
                0x20000008                g_mic_peak_to_peak_filtered
 .bss.g_mic_peak_to_peak_raw
                0x2000000a        0x2 CMakeFiles/mic_led_meter.dir/Src/main.c.obj
                0x2000000a                g_mic_peak_to_peak_raw
 .bss.g_ms_ticks
                0x2000000c        0x4 CMakeFiles/mic_led_meter.dir/Src/board.c.obj
 *(COMMON)
                0x20000010                        . = ALIGN (0x4)
                0x20000010                        _ebss = .
                0x20000010                        __bss_end__ = _ebss
                [!provide]                        PROVIDE (__bss_end = .)
                [!provide]                        PROVIDE (__non_tls_bss_start = ADDR (.bss))
                [!provide]                        PROVIDE (__bss_start = __tbss_start)
                [!provide]                        PROVIDE (__bss_size = (__bss_end - __bss_start))

._user_heap_stack
                0x20000010      0x600 load address 0x080005d8
                0x20000010                        . = ALIGN (0x8)
                [!provide]                        PROVIDE (end = .)
                0x20000010                        PROVIDE (_end = .)
                0x20000210                        . = (. + _Min_Heap_Size)
 *fill*         0x20000010      0x200 
                0x20000610                        . = (. + _Min_Stack_Size)
 *fill*         0x20000210      0x400 
                0x20000610                        . = ALIGN (0x8)

/DISCARD/
 libc.a:*(*)
 libm.a:*(*)
 libgcc.a:*(*)
OUTPUT(mic_led_meter.elf elf32-littlearm)
LOAD linker stubs

.debug_info     0x00000000     0x15dd
 .debug_info    0x00000000      0x240 CMakeFiles/mic_led_meter.dir/Src/main.c.obj
 .debug_info    0x00000240      0x681 CMakeFiles/mic_led_meter.dir/Src/board.c.obj
 .debug_info    0x000008c1      0x365 CMakeFiles/mic_led_meter.dir/Src/adc_mic.c.obj
 .debug_info    0x00000c26       0x95 CMakeFiles/mic_led_meter.dir/Src/stm32f0xx_it.c.obj
 .debug_info    0x00000cbb      0x514 CMakeFiles/mic_led_meter.dir/Src/runtime_stubs.c.obj
 .debug_info    0x000011cf      0x259 CMakeFiles/mic_led_meter.dir/system_stm32f0xx.c.obj
 .debug_info    0x00001428       0x30 CMakeFiles/mic_led_meter.dir/startup_stm32f072xb.s.obj
 .debug_info    0x00001458       0x3e /usr/lib/gcc/arm-none-eabi/13.2.1/thumb/v6-m/nofp/libgcc.a(_udivsi3.o)
 .debug_info    0x00001496       0x3c /usr/lib/gcc/arm-none-eabi/13.2.1/thumb/v6-m/nofp/libgcc.a(_dvmd_tls.o)
 .debug_info    0x000014d2      0x10b /usr/lib/gcc/arm-none-eabi/13.2.1/../../../arm-none-eabi/lib/thumb/v6-m/nofp/libg_nano.a(libc_a-init.o)

.debug_abbrev   0x00000000      0x951
 .debug_abbrev  0x00000000      0x14e CMakeFiles/mic_led_meter.dir/Src/main.c.obj
 .debug_abbrev  0x0000014e      0x24e CMakeFiles/mic_led_meter.dir/Src/board.c.obj
 .debug_abbrev  0x0000039c      0x178 CMakeFiles/mic_led_meter.dir/Src/adc_mic.c.obj
 .debug_abbrev  0x00000514       0x61 CMakeFiles/mic_led_meter.dir/Src/stm32f0xx_it.c.obj
 .debug_abbrev  0x00000575      0x168 CMakeFiles/mic_led_meter.dir/Src/runtime_stubs.c.obj
 .debug_abbrev  0x000006dd      0x139 CMakeFiles/mic_led_meter.dir/system_stm32f0xx.c.obj
 .debug_abbrev  0x00000816       0x24 CMakeFiles/mic_led_meter.dir/startup_stm32f072xb.s.obj
 .debug_abbrev  0x0000083a       0x28 /usr/lib/gcc/arm-none-eabi/13.2.1/thumb/v6-m/nofp/libgcc.a(_udivsi3.o)
 .debug_abbrev  0x00000862       0x26 /usr/lib/gcc/arm-none-eabi/13.2.1/thumb/v6-m/nofp/libgcc.a(_dvmd_tls.o)
 .debug_abbrev  0x00000888       0xc9 /usr/lib/gcc/arm-none-eabi/13.2.1/../../../arm-none-eabi/lib/thumb/v6-m/nofp/libg_nano.a(libc_a-init.o)

.debug_loclists
                0x00000000      0x4ad
 .debug_loclists
                0x00000000       0xee CMakeFiles/mic_led_meter.dir/Src/main.c.obj
 .debug_loclists
                0x000000ee       0x98 CMakeFiles/mic_led_meter.dir/Src/board.c.obj
 .debug_loclists
                0x00000186       0x8c CMakeFiles/mic_led_meter.dir/Src/adc_mic.c.obj
 .debug_loclists
                0x00000212      0x13c CMakeFiles/mic_led_meter.dir/Src/runtime_stubs.c.obj
 .debug_loclists
                0x0000034e      0x105 CMakeFiles/mic_led_meter.dir/system_stm32f0xx.c.obj
 .debug_loclists
                0x00000453       0x5a /usr/lib/gcc/arm-none-eabi/13.2.1/../../../arm-none-eabi/lib/thumb/v6-m/nofp/libg_nano.a(libc_a-init.o)

.debug_aranges  0x00000000      0x1f0
 .debug_aranges
                0x00000000       0x30 CMakeFiles/mic_led_meter.dir/Src/main.c.obj
 .debug_aranges
                0x00000030       0x48 CMakeFiles/mic_led_meter.dir/Src/board.c.obj
 .debug_aranges
                0x00000078       0x30 CMakeFiles/mic_led_meter.dir/Src/adc_mic.c.obj
 .debug_aranges
                0x000000a8       0x20 CMakeFiles/mic_led_meter.dir/Src/stm32f0xx_it.c.obj
 .debug_aranges
                0x000000c8       0x78 CMakeFiles/mic_led_meter.dir/Src/runtime_stubs.c.obj
 .debug_aranges
                0x00000140       0x28 CMakeFiles/mic_led_meter.dir/system_stm32f0xx.c.obj
 .debug_aranges
                0x00000168       0x28 CMakeFiles/mic_led_meter.dir/startup_stm32f072xb.s.obj
 .debug_aranges
                0x00000190       0x20 /usr/lib/gcc/arm-none-eabi/13.2.1/thumb/v6-m/nofp/libgcc.a(_udivsi3.o)
 .debug_aranges
                0x000001b0       0x20 /usr/lib/gcc/arm-none-eabi/13.2.1/thumb/v6-m/nofp/libgcc.a(_dvmd_tls.o)
 .debug_aranges
                0x000001d0       0x20 /usr/lib/gcc/arm-none-eabi/13.2.1/../../../arm-none-eabi/lib/thumb/v6-m/nofp/libg_nano.a(libc_a-init.o)

.debug_rnglists
                0x00000000      0x117
 .debug_rnglists
                0x00000000       0x1f CMakeFiles/mic_led_meter.dir/Src/main.c.obj
 .debug_rnglists
                0x0000001f       0x31 CMakeFiles/mic_led_meter.dir/Src/board.c.obj
 .debug_rnglists
                0x00000050       0x2c CMakeFiles/mic_led_meter.dir/Src/adc_mic.c.obj
 .debug_rnglists
                0x0000007c       0x13 CMakeFiles/mic_led_meter.dir/Src/stm32f0xx_it.c.obj
 .debug_rnglists
                0x0000008f       0x55 CMakeFiles/mic_led_meter.dir/Src/runtime_stubs.c.obj
 .debug_rnglists
                0x000000e4       0x1a CMakeFiles/mic_led_meter.dir/system_stm32f0xx.c.obj
 .debug_rnglists
                0x000000fe       0x19 CMakeFiles/mic_led_meter.dir/startup_stm32f072xb.s.obj

.debug_macro    0x00000000    0x12429
 .debug_macro   0x00000000       0x94 CMakeFiles/mic_led_meter.dir/Src/main.c.obj
 .debug_macro   0x00000094      0xaa2 CMakeFiles/mic_led_meter.dir/Src/main.c.obj
 .debug_macro   0x00000b36      0x34e CMakeFiles/mic_led_meter.dir/Src/main.c.obj
 .debug_macro   0x00000e84       0x2e CMakeFiles/mic_led_meter.dir/Src/main.c.obj
 .debug_macro   0x00000eb2       0x22 CMakeFiles/mic_led_meter.dir/Src/main.c.obj
 .debug_macro   0x00000ed4       0x1c CMakeFiles/mic_led_meter.dir/Src/main.c.obj
 .debug_macro   0x00000ef0       0x22 CMakeFiles/mic_led_meter.dir/Src/main.c.obj
 .debug_macro   0x00000f12       0xaf CMakeFiles/mic_led_meter.dir/Src/main.c.obj
 .debug_macro   0x00000fc1      0x391 CMakeFiles/mic_led_meter.dir/Src/main.c.obj
 .debug_macro   0x00001352     0xfe73 CMakeFiles/mic_led_meter.dir/Src/main.c.obj
 .debug_macro   0x000111c5       0x66 CMakeFiles/mic_led_meter.dir/Src/main.c.obj
 .debug_macro   0x0001122b       0x58 CMakeFiles/mic_led_meter.dir/Src/main.c.obj
 .debug_macro   0x00011283       0x99 CMakeFiles/mic_led_meter.dir/Src/board.c.obj
 .debug_macro   0x0001131c       0x8a CMakeFiles/mic_led_meter.dir/Src/adc_mic.c.obj
 .debug_macro   0x000113a6       0x2e CMakeFiles/mic_led_meter.dir/Src/stm32f0xx_it.c.obj
 .debug_macro   0x000113d4      0x19c CMakeFiles/mic_led_meter.dir/Src/runtime_stubs.c.obj
 .debug_macro   0x00011570       0x22 CMakeFiles/mic_led_meter.dir/Src/runtime_stubs.c.obj
 .debug_macro   0x00011592       0x60 CMakeFiles/mic_led_meter.dir/Src/runtime_stubs.c.obj
 .debug_macro   0x000115f2       0x24 CMakeFiles/mic_led_meter.dir/Src/runtime_stubs.c.obj
 .debug_macro   0x00011616       0x94 CMakeFiles/mic_led_meter.dir/Src/runtime_stubs.c.obj
 .debug_macro   0x000116aa       0x3c CMakeFiles/mic_led_meter.dir/Src/runtime_stubs.c.obj
 .debug_macro   0x000116e6       0x34 CMakeFiles/mic_led_meter.dir/Src/runtime_stubs.c.obj
 .debug_macro   0x0001171a       0x57 CMakeFiles/mic_led_meter.dir/Src/runtime_stubs.c.obj
 .debug_macro   0x00011771      0x190 CMakeFiles/mic_led_meter.dir/Src/runtime_stubs.c.obj
 .debug_macro   0x00011901      0x370 CMakeFiles/mic_led_meter.dir/Src/runtime_stubs.c.obj
 .debug_macro   0x00011c71       0x16 CMakeFiles/mic_led_meter.dir/Src/runtime_stubs.c.obj
 .debug_macro   0x00011c87       0x4a CMakeFiles/mic_led_meter.dir/Src/runtime_stubs.c.obj
 .debug_macro   0x00011cd1       0x34 CMakeFiles/mic_led_meter.dir/Src/runtime_stubs.c.obj
 .debug_macro   0x00011d05       0x10 CMakeFiles/mic_led_meter.dir/Src/runtime_stubs.c.obj
 .debug_macro   0x00011d15       0x52 CMakeFiles/mic_led_meter.dir/Src/runtime_stubs.c.obj
 .debug_macro   0x00011d67      0x1de CMakeFiles/mic_led_meter.dir/Src/runtime_stubs.c.obj
 .debug_macro   0x00011f45       0x10 CMakeFiles/mic_led_meter.dir/Src/runtime_stubs.c.obj
 .debug_macro   0x00011f55       0x3c CMakeFiles/mic_led_meter.dir/Src/runtime_stubs.c.obj
 .debug_macro   0x00011f91       0x10 CMakeFiles/mic_led_meter.dir/Src/runtime_stubs.c.obj
 .debug_macro   0x00011fa1       0x10 CMakeFiles/mic_led_meter.dir/Src/runtime_stubs.c.obj
 .debug_macro   0x00011fb1       0x10 CMakeFiles/mic_led_meter.dir/Src/runtime_stubs.c.obj
 .debug_macro   0x00011fc1       0x6a CMakeFiles/mic_led_meter.dir/Src/runtime_stubs.c.obj
 .debug_macro   0x0001202b       0x1c CMakeFiles/mic_led_meter.dir/Src/runtime_stubs.c.obj
 .debug_macro   0x00012047       0x52 CMakeFiles/mic_led_meter.dir/Src/runtime_stubs.c.obj
 .debug_macro   0x00012099       0x22 CMakeFiles/mic_led_meter.dir/Src/runtime_stubs.c.obj
 .debug_macro   0x000120bb       0x10 CMakeFiles/mic_led_meter.dir/Src/runtime_stubs.c.obj
 .debug_macro   0x000120cb       0x52 CMakeFiles/mic_led_meter.dir/Src/runtime_stubs.c.obj
 .debug_macro   0x0001211d       0xcf CMakeFiles/mic_led_meter.dir/Src/runtime_stubs.c.obj
 .debug_macro   0x000121ec       0x1c CMakeFiles/mic_led_meter.dir/Src/runtime_stubs.c.obj
 .debug_macro   0x00012208       0x3d CMakeFiles/mic_led_meter.dir/Src/runtime_stubs.c.obj
 .debug_macro   0x00012245       0x35 CMakeFiles/mic_led_meter.dir/Src/runtime_stubs.c.obj
 .debug_macro   0x0001227a      0x12c CMakeFiles/mic_led_meter.dir/Src/runtime_stubs.c.obj
 .debug_macro   0x000123a6       0x83 CMakeFiles/mic_led_meter.dir/system_stm32f0xx.c.obj

.debug_line     0x00000000     0x1313
 .debug_line    0x00000000      0x2c0 CMakeFiles/mic_led_meter.dir/Src/main.c.obj
 .debug_line    0x000002c0      0x37d CMakeFiles/mic_led_meter.dir/Src/board.c.obj
 .debug_line    0x0000063d      0x378 CMakeFiles/mic_led_meter.dir/Src/adc_mic.c.obj
 .debug_line    0x000009b5       0xf4 CMakeFiles/mic_led_meter.dir/Src/stm32f0xx_it.c.obj
 .debug_line    0x00000aa9      0x3d1 CMakeFiles/mic_led_meter.dir/Src/runtime_stubs.c.obj
 .debug_line    0x00000e7a      0x279 CMakeFiles/mic_led_meter.dir/system_stm32f0xx.c.obj
 .debug_line    0x000010f3       0x7b CMakeFiles/mic_led_meter.dir/startup_stm32f072xb.s.obj
 .debug_line    0x0000116e       0x56 /usr/lib/gcc/arm-none-eabi/13.2.1/thumb/v6-m/nofp/libgcc.a(_udivsi3.o)
 .debug_line    0x000011c4       0x4a /usr/lib/gcc/arm-none-eabi/13.2.1/thumb/v6-m/nofp/libgcc.a(_dvmd_tls.o)
 .debug_line    0x0000120e      0x105 /usr/lib/gcc/arm-none-eabi/13.2.1/../../../arm-none-eabi/lib/thumb/v6-m/nofp/libg_nano.a(libc_a-init.o)

.debug_str      0x00000000    0x5ed22
 .debug_str     0x00000000    0x5ed22 CMakeFiles/mic_led_meter.dir/Src/main.c.obj
                              0x5a52c (size before relaxing)
 .debug_str     0x0005ed22    0x5a6f5 CMakeFiles/mic_led_meter.dir/Src/board.c.obj
 .debug_str     0x0005ed22    0x5a54b CMakeFiles/mic_led_meter.dir/Src/adc_mic.c.obj
 .debug_str     0x0005ed22     0x3848 CMakeFiles/mic_led_meter.dir/Src/stm32f0xx_it.c.obj
 .debug_str     0x0005ed22     0x7a75 CMakeFiles/mic_led_meter.dir/Src/runtime_stubs.c.obj
 .debug_str     0x0005ed22    0x5a387 CMakeFiles/mic_led_meter.dir/system_stm32f0xx.c.obj
 .debug_str     0x0005ed22       0x90 CMakeFiles/mic_led_meter.dir/startup_stm32f072xb.s.obj
 .debug_str     0x0005ed22       0xbe /usr/lib/gcc/arm-none-eabi/13.2.1/thumb/v6-m/nofp/libgcc.a(_udivsi3.o)
 .debug_str     0x0005ed22       0xbf /usr/lib/gcc/arm-none-eabi/13.2.1/thumb/v6-m/nofp/libgcc.a(_dvmd_tls.o)
 .debug_str     0x0005ed22      0x1f3 /usr/lib/gcc/arm-none-eabi/13.2.1/../../../arm-none-eabi/lib/thumb/v6-m/nofp/libg_nano.a(libc_a-init.o)

.comment        0x00000000       0x26
 .comment       0x00000000       0x26 CMakeFiles/mic_led_meter.dir/Src/main.c.obj
                                 0x27 (size before relaxing)
 .comment       0x00000026       0x27 CMakeFiles/mic_led_meter.dir/Src/board.c.obj
 .comment       0x00000026       0x27 CMakeFiles/mic_led_meter.dir/Src/adc_mic.c.obj
 .comment       0x00000026       0x27 CMakeFiles/mic_led_meter.dir/Src/stm32f0xx_it.c.obj
 .comment       0x00000026       0x27 CMakeFiles/mic_led_meter.dir/Src/runtime_stubs.c.obj
 .comment       0x00000026       0x27 CMakeFiles/mic_led_meter.dir/system_stm32f0xx.c.obj
 .comment       0x00000026       0x27 /usr/lib/gcc/arm-none-eabi/13.2.1/../../../arm-none-eabi/lib/thumb/v6-m/nofp/libg_nano.a(libc_a-init.o)

.ARM.attributes
                0x00000000       0x2a
 .ARM.attributes
                0x00000000       0x2c CMakeFiles/mic_led_meter.dir/Src/main.c.obj
 .ARM.attributes
                0x0000002c       0x2c CMakeFiles/mic_led_meter.dir/Src/board.c.obj
 .ARM.attributes
                0x00000058       0x2c CMakeFiles/mic_led_meter.dir/Src/adc_mic.c.obj
 .ARM.attributes
                0x00000084       0x2c CMakeFiles/mic_led_meter.dir/Src/stm32f0xx_it.c.obj
 .ARM.attributes
                0x000000b0       0x2c CMakeFiles/mic_led_meter.dir/Src/runtime_stubs.c.obj
 .ARM.attributes
                0x000000dc       0x2c CMakeFiles/mic_led_meter.dir/system_stm32f0xx.c.obj
 .ARM.attributes
                0x00000108       0x21 CMakeFiles/mic_led_meter.dir/startup_stm32f072xb.s.obj
 .ARM.attributes
                0x00000129       0x1e /usr/lib/gcc/arm-none-eabi/13.2.1/thumb/v6-m/nofp/libgcc.a(_udivsi3.o)
 .ARM.attributes
                0x00000147       0x1e /usr/lib/gcc/arm-none-eabi/13.2.1/thumb/v6-m/nofp/libgcc.a(_dvmd_tls.o)
 .ARM.attributes
                0x00000165       0x2c /usr/lib/gcc/arm-none-eabi/13.2.1/../../../arm-none-eabi/lib/thumb/v6-m/nofp/libg_nano.a(libc_a-init.o)

.debug_frame    0x00000000      0x298
 .debug_frame   0x00000000       0x4c CMakeFiles/mic_led_meter.dir/Src/main.c.obj
 .debug_frame   0x0000004c       0x78 CMakeFiles/mic_led_meter.dir/Src/board.c.obj
 .debug_frame   0x000000c4       0x58 CMakeFiles/mic_led_meter.dir/Src/adc_mic.c.obj
 .debug_frame   0x0000011c       0x28 CMakeFiles/mic_led_meter.dir/Src/stm32f0xx_it.c.obj
 .debug_frame   0x00000144       0xd0 CMakeFiles/mic_led_meter.dir/Src/runtime_stubs.c.obj
 .debug_frame   0x00000214       0x38 CMakeFiles/mic_led_meter.dir/system_stm32f0xx.c.obj
 .debug_frame   0x0000024c       0x20 /usr/lib/gcc/arm-none-eabi/13.2.1/thumb/v6-m/nofp/libgcc.a(_udivsi3.o)
 .debug_frame   0x0000026c       0x2c /usr/lib/gcc/arm-none-eabi/13.2.1/../../../arm-none-eabi/lib/thumb/v6-m/nofp/libg_nano.a(libc_a-init.o)

.debug_line_str
                0x00000000      0x10d
 .debug_line_str
                0x00000000      0x10d CMakeFiles/mic_led_meter.dir/startup_stm32f072xb.s.obj
                                 0x76 (size before relaxing)
 .debug_line_str
                0x0000010d       0x97 /usr/lib/gcc/arm-none-eabi/13.2.1/thumb/v6-m/nofp/libgcc.a(_udivsi3.o)
 .debug_line_str
                0x0000010d       0x97 /usr/lib/gcc/arm-none-eabi/13.2.1/thumb/v6-m/nofp/libgcc.a(_dvmd_tls.o)
